// Jest Snapshot v1, https://goo.gl/fbAQLP

exports[`Filter component tests Filter component snapshot 1`] = `
Object {
  "asFragment": [Function],
  "baseElement": <body>
    <div>
      <div
        class="filter"
      >
        <div
          class="filter-header"
        >
          <div
            class="filter-banner"
          >
            <h3>
              Find you apartment here
            </h3>
            <h4>
              Apartment rental for short and long term
            </h4>
          </div>
        </div>
        <div
          class="filter-panel"
        >
          <div
            class="filter-point"
          >
            <div
              class="filter-title"
            >
              <span>
                Location
              </span>
            </div>
            <div
              class="dropdown dropdown--medium"
            >
              <div
                aria-hidden="true"
                class="dropdown-btn"
              />
            </div>
          </div>
          <div
            class="filter-point"
          >
            <div
              class="filter-title"
            >
              <span>
                Rooms
              </span>
            </div>
            <div
              class="dropdown dropdown--medium"
            >
              <div
                aria-hidden="true"
                class="dropdown-btn"
              />
            </div>
          </div>
          <div
            class="filter-point"
          >
            <div
              class="filter-title"
            >
              <span>
                Lease
              </span>
            </div>
            <div
              class="dropdown dropdown--medium"
            >
              <div
                aria-hidden="true"
                class="dropdown-btn"
              />
            </div>
          </div>
          <div
            class="filter-wrapper"
          >
            <button
              class="btn btn--orange btn--medium undefined"
              type="button"
            >
              Search
            </button>
          </div>
        </div>
      </div>
    </div>
  </body>,
  "container": <div>
    <div
      class="filter"
    >
      <div
        class="filter-header"
      >
        <div
          class="filter-banner"
        >
          <h3>
            Find you apartment here
          </h3>
          <h4>
            Apartment rental for short and long term
          </h4>
        </div>
      </div>
      <div
        class="filter-panel"
      >
        <div
          class="filter-point"
        >
          <div
            class="filter-title"
          >
            <span>
              Location
            </span>
          </div>
          <div
            class="dropdown dropdown--medium"
          >
            <div
              aria-hidden="true"
              class="dropdown-btn"
            />
          </div>
        </div>
        <div
          class="filter-point"
        >
          <div
            class="filter-title"
          >
            <span>
              Rooms
            </span>
          </div>
          <div
            class="dropdown dropdown--medium"
          >
            <div
              aria-hidden="true"
              class="dropdown-btn"
            />
          </div>
        </div>
        <div
          class="filter-point"
        >
          <div
            class="filter-title"
          >
            <span>
              Lease
            </span>
          </div>
          <div
            class="dropdown dropdown--medium"
          >
            <div
              aria-hidden="true"
              class="dropdown-btn"
            />
          </div>
        </div>
        <div
          class="filter-wrapper"
        >
          <button
            class="btn btn--orange btn--medium undefined"
            type="button"
          >
            Search
          </button>
        </div>
      </div>
    </div>
  </div>,
  "debug": [Function],
  "findAllByAltText": [Function],
  "findAllByDisplayValue": [Function],
  "findAllByLabelText": [Function],
  "findAllByPlaceholderText": [Function],
  "findAllByRole": [Function],
  "findAllByTestId": [Function],
  "findAllByText": [Function],
  "findAllByTitle": [Function],
  "findByAltText": [Function],
  "findByDisplayValue": [Function],
  "findByLabelText": [Function],
  "findByPlaceholderText": [Function],
  "findByRole": [Function],
  "findByTestId": [Function],
  "findByText": [Function],
  "findByTitle": [Function],
  "getAllByAltText": [Function],
  "getAllByDisplayValue": [Function],
  "getAllByLabelText": [Function],
  "getAllByPlaceholderText": [Function],
  "getAllByRole": [Function],
  "getAllByTestId": [Function],
  "getAllByText": [Function],
  "getAllByTitle": [Function],
  "getByAltText": [Function],
  "getByDisplayValue": [Function],
  "getByLabelText": [Function],
  "getByPlaceholderText": [Function],
  "getByRole": [Function],
  "getByTestId": [Function],
  "getByText": [Function],
  "getByTitle": [Function],
  "queryAllByAltText": [Function],
  "queryAllByDisplayValue": [Function],
  "queryAllByLabelText": [Function],
  "queryAllByPlaceholderText": [Function],
  "queryAllByRole": [Function],
  "queryAllByTestId": [Function],
  "queryAllByText": [Function],
  "queryAllByTitle": [Function],
  "queryByAltText": [Function],
  "queryByDisplayValue": [Function],
  "queryByLabelText": [Function],
  "queryByPlaceholderText": [Function],
  "queryByRole": [Function],
  "queryByTestId": [Function],
  "queryByText": [Function],
  "queryByTitle": [Function],
  "rerender": [Function],
  "unmount": [Function],
}
`;
